Retrieving project…
The `name` property in vercel.json is deprecated (https://vercel.link/name-prop)
Deploying luis-projects-e3d5069f/luisdev
Uploading [--------------------] (0.0B/144B)
Uploading [====================] (144.0B/144B)
Inspect: https://vercel.com/luis-projects-e3d5069f/luisdev/A4o9Adz5y24RYC1ScPLdr93zqqL9 [2s]
Production: https://luisdev-2quu9kp7t-luis-projects-e3d5069f.vercel.app [2s]
https://luisdev-2quu9kp7t-luis-projects-e3d5069f.vercel.appBuilding...
Building...
Building: Running build in Washington, D.C., USA (East) – iad1
Building: Build machine configuration: 2 cores, 8 GB
Building: Retrieving list of deployment files...
Building: Downloading 51 deployment files...
Building: Restored build cache from previous deployment (3p61MpNGho6Y4YVyWwWT3RnzzKtq)
Building: Running "vercel build"
Building: Vercel CLI 53.3.1
Building: Running "install" command: `npm install`...
Building: up to date, audited 370 packages in 4s
Building: 146 packages are looking for funding
Building: run `npm fund` for details
Building: 8 vulnerabilities (4 moderate, 4 high)
Building: To address issues that do not require attention, run:
Building: npm audit fix
Building: To address all issues (including breaking changes), run:
Building: npm audit fix --force
Building: Run `npm audit` for details.
Building: Detected Next.js version: 16.0.10
Building: Running "npm run build"
Building: > portfolio-luis-galvani@0.1.0 build
Building: > next build
Building: [baseline-browser-mapping] The data in this module is over two months old.  To ensure accurate Baseline data, please update: `npm i baseline-browser-mapping@latest -D`
Building: ▲ Next.js 16.0.10 (Turbopack)
Building: Creating an optimized production build ...
Building: [baseline-browser-mapping] The data in this module is over two months old.  To ensure accurate Baseline data, please update: `npm i baseline-browser-mapping@latest -D`
Building: ✓ Compiled successfully in 5.4s
Building: Running TypeScript ...
Building: Failed to compile.
Building: ./src/context/LanguageContext.tsx:4:28
Building: Type error: Cannot find module '@/lib/dictionaries' or its corresponding type declarations.
Building: 2 |
Building: 3 | import React, { createContext, useContext, useState, ReactNode } from "react";
Building: > 4 | import { dictionary } from "@/lib/dictionaries";
Building: |                            ^
Building: 5 |
Building: 6 | type Language = "pt" | "en";
Building: 7 |
Building: Next.js build worker exited with code: 1 and signal: null
Building: Error: Command "npm run build" exited with 1
Error: Command "npm run build" exited with 1
