Retrieving project…
The `name` property in vercel.json is deprecated (https://vercel.link/name-prop)
Deploying luis-projects-e3d5069f/luisdev
Uploading [--------------------] (0.0B/2.6KB)
Uploading [====================] (2.6KB/2.6KB)
Inspect: https://vercel.com/luis-projects-e3d5069f/luisdev/FWCqGtuN4dXEwUQCKMdkMySTTLNA [2s]
Production: https://luisdev-bd80jz6f3-luis-projects-e3d5069f.vercel.app [2s]
https://luisdev-bd80jz6f3-luis-projects-e3d5069f.vercel.appBuilding...
Building: Running build in Washington, D.C., USA (East) – iad1
Building: Build machine configuration: 2 cores, 8 GB
Building: Retrieving list of deployment files...
Building: Retrieving list of deployment files...
Building: Downloading 51 deployment files...
Building: Restored build cache from previous deployment (Frn6Nr3CBNsEJsyXcdWfbwBZpRYs)
Building: Running "vercel build"
Building: Vercel CLI 53.3.1
Building: Running "install" command: `npm install`...
Building: up to date, audited 370 packages in 4s
Building: 146 packages are looking for funding
Building: run `npm fund` for details
Building: 8 vulnerabilities (4 moderate, 4 high)
Building: To address issues that do not require attention, run:
Building: npm audit fix
Building: To address all issues (including breaking changes), run:
Building: npm audit fix --force
Building: Run `npm audit` for details.
Building: Detected Next.js version: 16.0.10
Building: Running "npm run build"
Building: > portfolio-luis-galvani@0.1.0 build
Building: > next build
Building: [baseline-browser-mapping] The data in this module is over two months old.  To ensure accurate Baseline data, please update: `npm i baseline-browser-mapping@latest -D`
Building: ▲ Next.js 16.0.10 (Turbopack)
Building: Creating an optimized production build ...
Building: [baseline-browser-mapping] The data in this module is over two months old.  To ensure accurate Baseline data, please update: `npm i baseline-browser-mapping@latest -D`
Building: ✓ Compiled successfully in 5.3s
Building: Running TypeScript ...
Building: Collecting page data using 1 worker ...
Building: [baseline-browser-mapping] The data in this module is over two months old.  To ensure accurate Baseline data, please update: `npm i baseline-browser-mapping@latest -D`
Building: Generating static pages using 1 worker (0/7) ...
Building: [baseline-browser-mapping] The data in this module is over two months old.  To ensure accurate Baseline data, please update: `npm i baseline-browser-mapping@latest -D`
Building: Generating static pages using 1 worker (1/7)
Building: Generating static pages using 1 worker (3/7)
Building: Generating static pages using 1 worker (5/7)
Building: ✓ Generating static pages using 1 worker (7/7) in 521.4ms
Building: Finalizing page optimization ...
Building: Route (app)
Building: ┌ ○ /
Building: ├ ○ /_not-found
Building: ├ ƒ /api/chat
Building: ├ ○ /icon.svg
Building: ├ ○ /robots.txt
Building: └ ○ /sitemap.xml
Building: ○  (Static)   prerendered as static content
Building: ƒ  (Dynamic)  server-rendered on demand
Building: Traced Next.js server files in: 37.965ms
Building: Created all serverless functions in: 129.486ms
Building: Collected static files (public/, static/, .next/static): 3.244ms
Building: Build Completed in /vercel/output [16s]
Building: Deploying outputs...
[2K[1A[2K[GProduction: https://luisdev-bd80jz6f3-luis-projects-e3d5069f.vercel.app [29s]
Completing...
Aliased: https://luisgalvani.vercel.app [29s]

Common next commands:
- `vercel inspect luisdev-bd80jz6f3-luis-projects-e3d5069f.vercel.app --logs`
- `vercel redeploy luisdev-bd80jz6f3-luis-projects-e3d5069f.vercel.app`
> Tip: Run `npx plugins add vercel/vercel-plugin` to enhance your agent experience
